time=2025-12-13T13:43:46+00:00 event=DELETE_ORDER actor_id=1 actor_role=admin resource=order resource_id=5 outcome=SUCCESS message="Delete order ORD005"
time=2025-12-13T13:43:54+00:00 event=DELETE_ORDER actor_id=1 actor_role=admin resource=order resource_id=5 outcome=SUCCESS message="Delete order ORD005"
time=2025-12-13T13:45:49+00:00 event=DELETE_ORDER actor_id=1 actor_role=admin resource=order resource_id=5 outcome=SUCCESS message="Delete order ORD005"
[2025-12-13 13:45:58] user=1 role=admin action=UPDATE_STATUS order=4 note=Cập nhật đơn hàng
[2025-12-13 13:46:55] user=1 role=admin action=UPDATE_STATUS order=4 note=Cập nhật đơn hàng
[2025-12-13 13:53:37] user=1 role=admin action=ASSIGN_SHIPPER order=4 note=shipper=4
[2025-12-13 13:59:39] user=1 role=admin action=CREATE_ORDER order=7 note=ORD5399
time=2025-12-13T14:01:35+00:00 event=DELETE_ORDER actor_id=1 actor_role=admin resource=order resource_id=7 outcome=SUCCESS message="Delete order ORD5399"
[2025-12-13 14:01:47] user=1 role=admin action=CREATE_ORDER order=8 note=ORD0008
[2025-12-13 14:01:56] user=1 role=admin action=CREATE_ORDER order=9 note=ORD0009
[2025-12-13 14:02:26] user=1 role=admin action=CREATE_ORDER order=10 note=ORD0010
[2025-12-13 14:15:41] user=1 role=admin action=UPDATE_STATUS order=2 note=Cập nhật đơn hàng
[2025-12-13 17:29:30] user=1 role=admin action=UPDATE_STATUS order=3 note=Cập nhật đơn hàng
[2025-12-13 17:33:17] user=1 role=admin action=UPDATE_STATUS order=8 note=Cập nhật đơn hàng
time=2025-12-13T19:38:50+00:00 event=DELETE_ORDER actor_id=1 actor_role=system resource=order resource_id=5 outcome=SUCCESS message="Delete order ORD005"
time=2025-12-13T19:58:18+00:00 event=DELETE_ORDER actor_id=1 actor_role=system resource=order resource_id=5 outcome=SUCCESS message="Delete order ORD005"
[2025-12-13 20:06:45] user=1 role=admin action=UPDATE_STATUS order=1 note=Cập nhật đơn hàng
[2025-12-13 20:06:51] user=1 role=admin action=UPDATE_STATUS order=2 note=Cập nhật đơn hàng
[2025-12-13 20:09:06] user=1 role=admin action=CREATE_ORDER order=11 note=ORD0011
time=2025-12-13T20:11:35+00:00 event=DELETE_ORDER actor_id=1 actor_role=admin resource=order resource_id=7 outcome=SUCCESS message="Delete order ORD5399"
time=2025-12-13T20:25:35+00:00 event=DELETE_ORDER actor_id=1 actor_role=admin resource=order resource_id=7 outcome=SUCCESS message="Delete order ORD5399"
[2025-12-13 20:45:55] user=1 role=admin action=UPDATE_STATUS order=3 note=Cập nhật đơn hàng
[2025-12-13 20:46:32] user=1 role=admin action=UPDATE_STATUS order=11 note=Cập nhật đơn hàng
[2025-12-13 20:46:39] user=1 role=admin action=UPDATE_STATUS order=11 note=Cập nhật đơn hàng
[2025-12-13 20:46:45] user=1 role=admin action=UPDATE_STATUS order=11 note=Cập nhật đơn hàng
[2025-12-13 20:46:54] user=1 role=admin action=ASSIGN_SHIPPER order=11 note=shipper=11
[2025-12-13 20:50:12] user=1 role=admin action=UPDATE_STATUS order=1 note=Cập nhật đơn hàng
[2025-12-13 20:50:18] user=1 role=admin action=UPDATE_STATUS order=1 note=Cập nhật đơn hàng
[2025-12-13 20:51:19] user=1 role=admin action=UPDATE_STATUS order=1 note=Cập nhật đơn hàng
[2025-12-13 20:51:24] user=1 role=admin action=UPDATE_STATUS order=1 note=Cập nhật đơn hàng
[2025-12-13 20:51:41] user=1 role=admin action=CREATE_ORDER order=12 note=ORD0012
[2025-12-13 20:51:48] user=1 role=admin action=UPDATE_STATUS order=12 note=Cập nhật đơn hàng
[2025-12-13 20:52:00] user=1 role=admin action=UPDATE_STATUS order=9 note=Cập nhật đơn hàng
[2025-12-13 21:14:48] user=1 role=admin action=UPDATE_STATUS order=10 note=Cập nhật đơn hàng
[2025-12-13 21:14:54] user=1 role=admin action=UPDATE_STATUS order=10 note=Cập nhật đơn hàng
[2025-12-13 21:22:02] user=1 role=admin action=CREATE_ORDER order=13 note=ORD0013
[2025-12-13 21:23:12] user=1 role=admin action=ASSIGN_AGENT order=13 note=agent=3
[2025-12-13 21:23:22] user=1 role=admin action=ASSIGN_SHIPPER order=13 note=shipper=4
[2025-12-13 21:23:32] user=1 role=admin action=CREATE_ORDER order=14 note=ORD0014
[2025-12-13 21:35:11] user=1 role=admin action=ASSIGN_AGENT order=14 note=agent=3
[2025-12-14 03:09:26] user=1 role=admin action=UPDATE_STATUS order=10 note=Cập nhật đơn hàng
[2025-12-14 03:09:35] user=1 role=admin action=UPDATE_STATUS order=11 note=Cập nhật đơn hàng
[2025-12-14 03:22:01] user=1 role=admin action=ASSIGN_AGENT order=10 note=agent=13
[2025-12-14 03:23:00] user=1 role=admin action=ASSIGN_SHIPPER order=10 note=shipper=11
[2025-12-14 03:28:16] user=1 role=admin action=ASSIGN_AGENT order=11 note=agent=15
[2025-12-14 03:28:54] user=1 role=admin action=ASSIGN_SHIPPER order=12 note=shipper=4
[2025-12-14 14:46:34] user=1 role=admin action=UPDATE_STATUS order=1 note=Cập nhật đơn hàng
[2025-12-14 14:46:54] user=1 role=admin action=ASSIGN_AGENT order=4 note=agent=3
time=2025-12-14T14:46:59+00:00 event=DELETE_ORDER actor_id=1 actor_role=admin resource=order resource_id=1 outcome=SUCCESS message="Delete order ORD001"
[2025-12-14 14:47:05] user=1 role=admin action=ASSIGN_SHIPPER order=4 note=shipper=4
[2025-12-14 14:48:03] user=1 role=admin action=CREATE_ORDER order=6 note=ORD0006
